Processing: thread-2026-05-15-winners-from-ruggers-kaspa-survivor (status: pending)
Launching Chrome...
Home feed loaded.
Pre-composer wait (60–180s)...
  waiting 174s (before composer)...
  ~ 6.2s pause (composer open)
Typing tweet 1/8 (240 chars)...
Tweet 1 verified ✓
  ~ 6.0s pause (before addButton)
  ~ 5.8s pause (textarea 1 ready)
Typing tweet 2/8 (202 chars)...
Tweet 2 verified ✓
  ~ 4.5s pause (before addButton)
  ~ 5.9s pause (textarea 2 ready)
Typing tweet 3/8 (208 chars)...
Tweet 3 verified ✓
  ~ 6.1s pause (before addButton)
  ~ 4.3s pause (textarea 3 ready)
Typing tweet 4/8 (251 chars)...
Tweet 4 verified ✓
  ~ 5.4s pause (before addButton)
  ~ 6.4s pause (textarea 4 ready)
Typing tweet 5/8 (241 chars)...
Tweet 5 verified ✓
  ~ 5.4s pause (before addButton)
  ~ 4.7s pause (textarea 5 ready)
Typing tweet 6/8 (231 chars)...
Tweet 6 verified ✓
  ~ 6.3s pause (before addButton)
  ~ 4.6s pause (textarea 6 ready)
Typing tweet 7/8 (239 chars)...
Tweet 7 verified ✓
  ~ 6.7s pause (before addButton)
  ~ 6.8s pause (textarea 7 ready)
Typing tweet 8/8 (161 chars)...
Tweet 8 verified ✓
Pre-post wait (60–180s)...
  waiting 179s (before Post all)...
Clicked Post button (tweetButton). Waiting for confirmation toast...
Thread live at: https://x.com/mikeneder/status/2058607272704503964

Verifying thread on root page: https://x.com/mikeneder/status/2058607272704503964
  HTTP 200
  Found 8 tweet articles on page (expected 8)
  Matched 8/8 tweets by text snippet
  Verified ✓ — every thread tweet is live
threads.json updated (verified posted). Done.
