Post: "CT is still calling this a recession.

April ISM Manufacturing PMI: 52.7. Anythi..."
Body: 1879 chars
  Image 1: yt-posts-0960b4b8-01-hook-ct-recession.png
  Image 2: yt-posts-1f991d4b-02-pmi-data.png
  Image 3: yt-posts-31dcb431-03-retail-missing-window.png
  Image 4: yt-posts-317cb2e8-04-kas-runway-closing.png
  Image 5: yt-posts-cc713205-05-engagement-question.png
Launching Chrome with remote debugging...
Chrome ready on port 9223 ✓
Navigating to YouTube...
YouTube loaded and logged in ✓

Pre-check: scanning recent community posts for duplicates...
  Checking 5 posts for: "CT is still calling this a recession.

A..."
  Not a match: https://www.youtube.com/post/Ugkx0_bXjJhcfVzYW3lMEYORr8onMcZ_KLRf
  Not a match: https://www.youtube.com/post/UgkxufzM9BZDrSjiRW_TEP3LiQSlsYIMMYR6
  Not a match: https://www.youtube.com/post/Ugkxr_S67_NupX84RLkTWGm-Fn6ua56wVzEN
  Not a match: https://www.youtube.com/post/UgkxlCHrOx_USRJTKUVFcoVWSt7pEF-J0HYb
  Not a match: https://www.youtube.com/post/UgkxUuhf0c3yD5RJkFpnUk559vPEfQKwsM6r
  No duplicate found. Safe to post.

Opening community posts composer...
  waiting 59s (before composer)...
Expanding composer...
  Clicked placeholder via: #placeholder-area
  Composer text area found via: #contenteditable-root[contenteditable="true"]
Pasting body (1879 chars)...
Body pasted ✓
Body length verified in composer: 1892 chars ✓

Uploading 5 image(s)...
  Image button found via: button[aria-label*="mage"]:not([aria-label*="poll"])
  Standard click failed — using JS click...
  Clicked Image button ✓
  setInputFiles called — waiting 8s for YouTube thumbnail rendering...
  Thumbnails via "ytd-backstage-multi-image-select-renderer img": 8
  Thumbnail pre-post check ✓ (8/5)
  waiting 47s (before Post)...

Clicking Post...
Post clicked ✓
Waiting for composer to clear (confirms submission)...
Composer cleared ✓

Post-check: verifying post on community page...
  Inspecting: https://www.youtube.com/post/UgkxYdKSyqB5n53QKD_XAc8Xpl7Ed9znsEdU
  Time: "7 seconds ago" | body length: 0 | images: 5
  Verified ✓  (body: match, images: 5/5)

Done ✓  Post URL: https://www.youtube.com/post/UgkxYdKSyqB5n53QKD_XAc8Xpl7Ed9znsEdU
