
Poll: "Where are we on the AI mania timeline?"
Text: 38 chars
Options (4): [1992 (early) | 1995 (ignite) | 1998 (mid) | 1999 (almost top)]
Duration: 1d

Launching Chrome...
Home feed loaded.
Pre-check: scanning profile for duplicate...
  Not found in 8 recent posts ✓

Pre-composer wait (60–180s)...
  waiting 127s (before composer)...
  ~ 6.7s pause (composer open)
Typing tweet text (38 chars)...
Tweet text verified ✓
  ~ 4.5s pause (after typing)
Opening poll widget...
  ~ 5.1s pause (poll widget open)
Filling poll options...
  Typing option 1: "1992 (early)"
  Option 1 confirmed: "1992 (early)" ✓
  Typing option 2: "1995 (ignite)"
  Option 2 confirmed: "1995 (ignite)" ✓
  Added choice 3
  Typing option 3: "1998 (mid)"
  Option 3 confirmed: "1998 (mid)" ✓
  Added choice 4
  Typing option 4: "1999 (almost top)"
  Option 4 confirmed: "1999 (almost top)" ✓
  Setting duration: 7d → 7d 0h 0m
  Hours select disabled (max duration reached) — skipping
  Minutes select disabled — skipping
  Duration set ✓
  ~ 6.6s pause (after poll config)

Pre-post wait...
  waiting 21s (before Post)...
Clicked Post. Waiting for toast...

Poll live at: https://x.com/mikeneder/status/2058629765976756683
x-polls.json updated. Done ✓
