Poll: "The Clarity Act compromise: stable-coin yield is allowed, but only on accounts w..."
Question: 151 chars
Options (4): ["Win — yield is alive in some form","Loss — idle yield was the whole point","Neutral — workarounds will emerge fast","Don't care, I don't park stables on exchanges"]
Launching Chrome with remote debugging...
Chrome ready on port 9223 ✓

Navigating to YouTube...
  ~ 6.8s pause (after YouTube load)
Logged in ✓
Pre-composer wait (60–180s)...
  waiting 128s (before composer)...

Opening composer...
  ~ 6.1s pause (posts page settled)
Expanding composer...
  ~ 4.9s pause (composer expanded)
Typing question (151 chars)...
  ~ 6.4s pause (after question)
Clicking #poll-button button...
  ~ 6.4s pause (after poll button)
Poll attachment display: inline
Filling 4 poll options...
  Option 1 host at (447,427)
  Typing option 1: "Win — yield is alive in some form"
  Option 1: host.value="Win — yield is alive in some form" ✓
  ~ 5.6s pause (after option 1)
  Option 2 host at (447,427)
  Typing option 2: "Loss — idle yield was the whole point"
  Option 2: host.value="Loss — idle yield was the whole point" ✓
  ~ 4.1s pause (after option 2)
  Clicking #add-option to add field 3...
  ~ 6.4s pause (field 3 added)
  Option 3 host at (447,427)
  Typing option 3: "Neutral — workarounds will emerge fast"
  Option 3: host.value="Neutral — workarounds will emerge fast" ✓
  ~ 6.5s pause (after option 3)
  Clicking #add-option to add field 4...
  ~ 6.6s pause (field 4 added)
  Option 4 host at (447,427)
  Typing option 4: "Don't care, I don't park stables on exchanges"
  Option 4: host.value="Don't care, I don't park stables on exchanges" ✓
  ~ 6.5s pause (after option 4)

Waiting for visible Post button to enable...
  Visible Post button at (649,488) 61x36 ✓
Pre-post wait (60–180s)...
  waiting 120s (before Post)...
Clicking Post...
Post clicked ✓
Waiting for composer to clear...
Composer cleared ✓
  ~ 6.3s pause (composer settled)

Finding new post URL...
New post URL: https://www.youtube.com/post/Ugkx0_bXjJhcfVzYW3lMEYORr8onMcZ_KLRf

Done ✓  URL: https://www.youtube.com/post/Ugkx0_bXjJhcfVzYW3lMEYORr8onMcZ_KLRf
