Post: "My community caught Lab at 8 cents and rode it to a 98x. I d"
Slides: 5
  Slide 1: yt-posts-b1c2d3e4-01-hook-lab-98x.png
  Slide 2: yt-posts-f5a6b7c8-02-quiet-until-50x.png
  Slide 3: yt-posts-d9e0f1a2-03-not-a-brag-method.png
  Slide 4: yt-posts-c3b4a5d6-04-kas-same-way.png
  Slide 5: yt-posts-e7f8a9b0-05-engagement-question.png
Caption: 394 chars
Launching Chrome...
Navigating to Instagram...
Instagram home loaded ✓

Pre-check: scanning recent profile posts for duplicates...
  Checking 5 recent posts against hook: "My community caught Lab at 8 cents and r"
  Not a match: https://www.instagram.com/realcodemonkeymike/p/DYufeotlX0J/
  Not a match: https://www.instagram.com/realcodemonkeymike/p/DYr_xyzFYNz/
  Not a match: https://www.instagram.com/realcodemonkeymike/p/DYr-SOzFV7K/
  Not a match: https://www.instagram.com/realcodemonkeymike/p/DYr73Mvlbqz/
  Not a match: https://www.instagram.com/realcodemonkeymike/p/DYqoNFVFaOq/
  No duplicate found. Safe to post.

  waiting 12s (before composer)...
Looking for Create button...
  Found via: [aria-label="New post"]
  Clicking Post from expanded sidebar...
  Clicked Post ✓
Uploading 5 images...
  setInputFiles called — waiting for preview...
  Clicking Next (Crop)...
  Clicking Next (Filter/Edit)...
Typing caption...
Caption typed ✓
Caption verified in composer (394 chars) ✓
  waiting 13s (before Share)...
Clicking Share...
Waiting for share confirmation...
Confirmation dialog not detected — proceeding to post-check.

Post-check: verifying post on profile...
  Inspecting: https://www.instagram.com/realcodemonkeymike/p/DYusA4blS9h/
  Verified ✓  (age: 37s, caption match: yes, carousel: true, dots: 0)

Done ✓  Post URL: https://www.instagram.com/realcodemonkeymike/p/DYusA4blS9h/
