
Poll: "Zombie re-entry alone gets a new BTC ATH this year?"
Text: 51 chars
Options (4): [Yes, alone | Need 1 catalyst | Need 2+ | ATH is 2027]
Duration: 1d

Launching Chrome...
Home feed loaded.
Pre-check: scanning profile for duplicate...
  Not found in 9 recent posts ✓

Pre-composer wait (60–180s)...
  waiting 78s (before composer)...
  ~ 5.0s pause (composer open)
Typing tweet text (51 chars)...
Tweet text verified ✓
  ~ 6.2s pause (after typing)
Opening poll widget...
  ~ 6.1s pause (poll widget open)
Filling poll options...
  Typing option 1: "Yes, alone"
  Option 1 confirmed: "Yes, alone" ✓
  Typing option 2: "Need 1 catalyst"
  Option 2 confirmed: "Need 1 catalyst" ✓
  Added choice 3
  Typing option 3: "Need 2+"
  Option 3 confirmed: "Need 2+" ✓
  Added choice 4
  Typing option 4: "ATH is 2027"
  Option 4 confirmed: "ATH is 2027" ✓
  Setting duration: 7d → 7d 0h 0m
  Hours select disabled (max duration reached) — skipping
  Minutes select disabled — skipping
  Duration set ✓
  ~ 4.2s pause (after poll config)

Pre-post wait...
  waiting 23s (before Post)...
Clicked Post. Waiting for toast...

Poll live at: https://x.com/mikeneder/status/2058571886859100256
x-polls.json updated. Done ✓
