Post: "Minnesota just signed HF 3709 into law.

Starting Aug 1, every bank and credit u..."
Body: 2392 chars
  Image 1: yt-posts-f9fe2d98-01-hook-minnesota-signed.png
  Image 2: yt-posts-c9ab42e1-02-state-by-state-rolling.png
  Image 3: yt-posts-1bd4ef3c-03-kas-four-box-checklist.png
  Image 4: yt-posts-174aaf69-04-engagement-question.png
Launching Chrome with remote debugging...
Chrome ready on port 9223 ✓
Navigating to YouTube...
YouTube loaded and logged in ✓

Pre-check: scanning recent community posts for duplicates...
  Checking 5 posts for: "Minnesota just signed HF 3709 into law.
..."
  Not a match: https://www.youtube.com/post/UgkxYdKSyqB5n53QKD_XAc8Xpl7Ed9znsEdU
  Not a match: https://www.youtube.com/post/Ugkx0_bXjJhcfVzYW3lMEYORr8onMcZ_KLRf
  Not a match: https://www.youtube.com/post/UgkxufzM9BZDrSjiRW_TEP3LiQSlsYIMMYR6
  Not a match: https://www.youtube.com/post/Ugkxr_S67_NupX84RLkTWGm-Fn6ua56wVzEN
  Not a match: https://www.youtube.com/post/UgkxlCHrOx_USRJTKUVFcoVWSt7pEF-J0HYb
  No duplicate found. Safe to post.

Opening community posts composer...
  waiting 54s (before composer)...
Expanding composer...
  Clicked placeholder via: #placeholder-area
  Composer text area found via: #contenteditable-root[contenteditable="true"]
Pasting body (2392 chars)...
Body pasted ✓
Body length verified in composer: 2405 chars ✓

Uploading 4 image(s)...
  Image button found via: button[aria-label*="mage"]:not([aria-label*="poll"])
  Standard click failed — using JS click...
  Clicked Image button ✓
  setInputFiles called — waiting 9s for YouTube thumbnail rendering...
  Thumbnails via "ytd-backstage-multi-image-select-renderer img": 7
  Thumbnail pre-post check ✓ (7/4)
  waiting 58s (before Post)...

Clicking Post...
Post clicked ✓
Waiting for composer to clear (confirms submission)...
Composer cleared ✓

Post-check: verifying post on community page...
  Attempt 1/5: new post not yet visible — waiting 5s...
  Inspecting: https://www.youtube.com/post/Ugkx1zJ5qegv8cIbnTBbhlYLRmmVOLF6vJZi
  Time: "16 seconds ago" | body length: 0 | images: 4
  Verified ✓  (body: match, images: 4/4)

Done ✓  Post URL: https://www.youtube.com/post/Ugkx1zJ5qegv8cIbnTBbhlYLRmmVOLF6vJZi
