2026-05-06 20:03:03,060  INFO      =================================================================
2026-05-06 20:03:03,061  INFO      Session start: 2026-05-06 20:03:03
2026-05-06 20:03:03,061  INFO      Progress — added: 0  |  pending: 55  |  not_found: 0  |  failed: 0  |  silent_block: 0
2026-05-06 20:03:03,061  INFO      This session: 10 max, 30.0–90.0 min delays
2026-05-06 20:03:03,061  INFO      Queue (10): @HighCoinviction, @S4mmyEth, @cryptopunk7213, @shawmakesmagic, @aixbt_agent, @0xfoobar, @MustStopMurad, @VitalikButerin, @sassal0x, @rajgokal
2026-05-06 20:03:03,061  INFO      Dry run — exiting without launching browser.
2026-05-06 20:14:15,541  INFO      =================================================================
2026-05-06 20:14:15,542  INFO      Session start: 2026-05-06 20:14:15
2026-05-06 20:14:15,542  INFO      Progress — added: 0  |  pending: 55  |  not_found: 0  |  failed: 0  |  silent_block: 0
2026-05-06 20:14:15,542  INFO      This session: 10 max, 30.0–90.0 min delays
2026-05-06 20:14:15,542  INFO      Queue (10): @HighCoinviction, @S4mmyEth, @cryptopunk7213, @shawmakesmagic, @aixbt_agent, @0xfoobar, @MustStopMurad, @VitalikButerin, @sassal0x, @rajgokal
2026-05-06 20:14:15,542  INFO      Dry run — exiting without launching browser.
2026-05-07 18:41:46,734  INFO      =================================================================
2026-05-07 18:41:46,735  INFO      Session start: 2026-05-07 18:41:46
2026-05-07 18:41:46,735  INFO      Progress — added: 0  |  pending: 55  |  not_found: 0  |  failed: 0  |  silent_block: 0
2026-05-07 18:41:46,735  INFO      This session: 10 max, 30.0–90.0 min delays
2026-05-07 18:41:46,736  INFO      Queue (10): @HighCoinviction, @S4mmyEth, @cryptopunk7213, @shawmakesmagic, @aixbt_agent, @0xfoobar, @MustStopMurad, @VitalikButerin, @sassal0x, @rajgokal
2026-05-07 18:41:46,736  INFO      Dry run — exiting without launching browser.
2026-05-07 18:42:01,634  INFO      =================================================================
2026-05-07 18:42:01,635  INFO      Session start: 2026-05-07 18:42:01
2026-05-07 18:42:01,635  INFO      Progress — added: 0  |  pending: 55  |  not_found: 0  |  failed: 0  |  silent_block: 0
2026-05-07 18:42:01,635  INFO      This session: 5 max, 30.0–90.0 min delays
2026-05-07 18:42:01,635  INFO      Queue (5): @HighCoinviction, @S4mmyEth, @cryptopunk7213, @shawmakesmagic, @aixbt_agent
2026-05-07 18:42:01,635  INFO      Start jitter: waiting 87s before first action...
2026-05-07 18:43:29,836  INFO      Connected to existing Chrome session.
2026-05-07 18:43:29,930  INFO      
── [1/5] @HighCoinviction ────────────────────────────────────────
2026-05-07 18:43:29,975  INFO        Loading list page...
2026-05-07 18:43:43,293  INFO        ~ pause 35s (before Edit list)
2026-05-07 18:44:19,121  INFO        ~ pause 30s (before Manage members)
2026-05-07 18:44:49,554  INFO        ~ pause 39s (before Suggested tab)
2026-05-07 18:45:29,022  INFO        ~ pause 48s (before typing handle)
2026-05-07 18:46:13,718  INFO      =================================================================
2026-05-07 18:46:13,719  INFO      Session start: 2026-05-07 18:46:13
2026-05-07 18:46:13,719  INFO      Progress — added: 0  |  pending: 55  |  not_found: 0  |  failed: 0  |  silent_block: 0
2026-05-07 18:46:13,719  INFO      This session: 5 max, 3.0–10.0 min delays
2026-05-07 18:46:13,719  INFO      Queue (5): @HighCoinviction, @S4mmyEth, @cryptopunk7213, @shawmakesmagic, @aixbt_agent
2026-05-07 18:46:13,719  INFO      Start jitter: waiting 15s before first action...
2026-05-07 18:46:17,480  ERROR       Unexpected exception: 'Locator' object has no attribute 'triple_click'
2026-05-07 18:46:17,480  WARNING     ! ERROR — marking as failed, will need manual check
2026-05-07 18:46:17,481  INFO        Sleeping 31m 50s — next add at ~19:18:07
2026-05-07 18:46:29,907  INFO      Connected to existing Chrome session.
2026-05-07 18:46:30,005  INFO      
--- [1/5] @HighCoinviction ---
2026-05-07 18:46:30,005  INFO        Loading list page...
2026-05-07 18:46:43,970  INFO        ~ pause 44s (before Edit list)
2026-05-07 18:47:28,875  INFO        ~ pause 47s (before Manage members)
2026-05-07 18:48:16,369  INFO        ~ pause 42s (before Suggested tab)
2026-05-07 18:48:58,842  INFO        ~ pause 39s (before typing handle)
2026-05-07 18:49:38,309  ERROR       Unexpected exception: 'Locator' object has no attribute 'triple_click'
2026-05-07 18:49:38,310  WARNING     ! ERROR — marking as failed, will need manual check
2026-05-07 18:49:38,311  INFO        Sleeping 6m 11s — next add at ~18:55:49
2026-05-07 18:55:49,312  INFO      
--- [2/5] @S4mmyEth ---
2026-05-07 18:55:49,313  INFO        Loading list page...
2026-05-07 18:56:02,793  INFO        ~ pause 36s (before Edit list)
2026-05-07 18:56:39,977  INFO        ~ pause 39s (before Manage members)
2026-05-07 18:57:19,521  INFO        ~ pause 42s (before Suggested tab)
2026-05-07 18:58:02,020  INFO        ~ pause 34s (before typing handle)
2026-05-07 18:58:36,480  ERROR       Unexpected exception: 'Locator' object has no attribute 'triple_click'
2026-05-07 18:58:36,480  WARNING     ! ERROR — marking as failed, will need manual check
2026-05-07 18:58:36,482  INFO        Sleeping 3m 15s — next add at ~19:01:51
2026-05-07 19:01:51,483  INFO      
--- [3/5] @cryptopunk7213 ---
2026-05-07 19:01:51,483  INFO        Loading list page...
2026-05-07 19:02:04,779  INFO        ~ pause 46s (before Edit list)
2026-05-07 19:02:51,894  INFO        ~ pause 39s (before Manage members)
2026-05-07 19:03:31,357  INFO        ~ pause 41s (before Suggested tab)
2026-05-07 19:04:12,828  INFO        ~ pause 32s (before typing handle)
2026-05-07 19:04:45,298  ERROR       Unexpected exception: 'Locator' object has no attribute 'triple_click'
2026-05-07 19:04:45,298  WARNING     ! ERROR — marking as failed, will need manual check
2026-05-07 19:04:45,299  INFO        Sleeping 8m 30s — next add at ~19:13:15
2026-05-07 19:13:15,300  INFO      
--- [4/5] @shawmakesmagic ---
2026-05-07 19:13:15,301  INFO        Loading list page...
2026-05-07 19:13:28,872  INFO        ~ pause 47s (before Edit list)
2026-05-07 19:14:16,935  INFO        ~ pause 39s (before Manage members)
2026-05-07 19:14:56,422  INFO        ~ pause 50s (before Suggested tab)
2026-05-07 19:15:46,843  INFO        ~ pause 46s (before typing handle)
2026-05-07 19:16:33,307  ERROR       Unexpected exception: 'Locator' object has no attribute 'triple_click'
2026-05-07 19:16:33,307  WARNING     ! ERROR — marking as failed, will need manual check
2026-05-07 19:16:33,310  INFO        Sleeping 6m 29s — next add at ~19:23:02
2026-05-07 19:18:07,482  INFO      
── [2/5] @S4mmyEth ────────────────────────────────────────
2026-05-07 19:18:07,483  INFO        Loading list page...
2026-05-07 19:18:22,400  INFO        ~ pause 44s (before Edit list)
2026-05-07 19:19:09,470  INFO        ~ pause 40s (before Manage members)
2026-05-07 19:19:51,874  INFO        ~ pause 49s (before Suggested tab)
2026-05-07 19:20:42,394  INFO        ~ pause 49s (before typing handle)
2026-05-07 19:21:32,823  ERROR       Unexpected exception: 'Locator' object has no attribute 'triple_click'
2026-05-07 19:21:32,824  WARNING     ! ERROR — marking as failed, will need manual check
2026-05-07 19:21:32,825  INFO        Sleeping 46m 41s — next add at ~20:08:13
2026-05-07 19:23:02,310  INFO      
--- [5/5] @aixbt_agent ---
2026-05-07 19:23:02,311  INFO        Loading list page...
2026-05-07 19:23:16,250  INFO        ~ pause 45s (before Edit list)
2026-05-07 19:24:02,110  INFO        ~ pause 44s (before Manage members)
2026-05-07 19:24:46,662  INFO        ~ pause 30s (before Suggested tab)
2026-05-07 19:25:17,047  INFO        ~ pause 34s (before typing handle)
2026-05-07 19:25:51,508  ERROR       Unexpected exception: 'Locator' object has no attribute 'triple_click'
2026-05-07 19:25:51,509  WARNING     ! ERROR — marking as failed, will need manual check
2026-05-07 19:25:51,607  INFO      
=================================================================
2026-05-07 19:25:51,608  INFO      Session complete
2026-05-07 19:25:51,608  INFO        Added total:    0
2026-05-07 19:25:51,608  INFO        Not found:      0
2026-05-07 19:25:51,608  INFO        Failed/errors:  5
2026-05-07 19:25:51,608  INFO        Silent blocks:  0
2026-05-07 19:25:51,608  INFO        Still pending:  50
2026-05-07 19:25:51,608  INFO        Next up:        @0xfoobar
2026-05-07 19:30:10,700  INFO      =================================================================
2026-05-07 19:30:10,701  INFO      Session start: 2026-05-07 19:30:10
2026-05-07 19:30:10,702  INFO      Progress — added: 0  |  pending: 55  |  not_found: 0  |  failed: 0  |  silent_block: 0
2026-05-07 19:30:10,702  INFO      This session: 5 max, 3.0–10.0 min delays
2026-05-07 19:30:10,702  INFO      Queue (5): @HighCoinviction, @S4mmyEth, @cryptopunk7213, @shawmakesmagic, @aixbt_agent
2026-05-07 19:30:10,702  INFO      Start jitter: waiting 22s before first action...
2026-05-07 19:30:50,258  INFO      Connected to existing Chrome session.
2026-05-07 19:30:50,386  INFO      
--- [1/5] @HighCoinviction ---
2026-05-07 19:30:50,387  INFO        Loading list page...
2026-05-07 19:31:20,436  WARNING     Operation timed out
2026-05-07 19:31:20,436  WARNING     ! ERROR — marking as failed, will need manual check
2026-05-07 19:31:20,438  INFO        Sleeping 6m 37s — next add at ~19:37:57
2026-05-07 19:37:57,438  INFO      
--- [2/5] @S4mmyEth ---
2026-05-07 19:37:57,438  INFO        Loading list page...
2026-05-07 19:38:27,442  WARNING     Operation timed out
2026-05-07 19:38:27,442  WARNING     ! ERROR — marking as failed, will need manual check
2026-05-07 19:38:27,444  INFO        Sleeping 3m 32s — next add at ~19:41:59
2026-05-07 19:41:59,445  INFO      
--- [3/5] @cryptopunk7213 ---
2026-05-07 19:41:59,445  INFO        Loading list page...
2026-05-07 19:42:29,451  WARNING     Operation timed out
2026-05-07 19:42:29,451  WARNING     ! ERROR — marking as failed, will need manual check
2026-05-07 19:42:29,453  INFO        Sleeping 4m 42s — next add at ~19:47:11
2026-05-07 19:47:11,454  INFO      
--- [4/5] @shawmakesmagic ---
2026-05-07 19:47:11,454  INFO        Loading list page...
2026-05-07 19:47:37,495  ERROR       Unexpected exception: Page.goto: net::ERR_ABORTED at https://x.com/i/lists/2051819466921533779
Call log:
  - navigating to "https://x.com/i/lists/2051819466921533779", waiting until "domcontentloaded"

2026-05-07 19:47:37,495  WARNING     ! ERROR — marking as failed, will need manual check
2026-05-07 19:47:37,496  INFO        Sleeping 9m 42s — next add at ~19:57:19
2026-05-07 19:52:20,856  INFO      =================================================================
2026-05-07 19:52:20,857  INFO      Session start: 2026-05-07 19:52:20
2026-05-07 19:52:20,857  INFO      Progress — added: 0  |  pending: 55  |  not_found: 0  |  failed: 0  |  silent_block: 0
2026-05-07 19:52:20,857  INFO      This session: 1 max, 3.0–10.0 min delays
2026-05-07 19:52:20,857  INFO      Queue (1): @HighCoinviction
2026-05-07 19:52:20,857  INFO      Start jitter: waiting 31s before first action...
2026-05-07 19:53:01,472  INFO      
Launching Chrome with your Default profile (already logged in to X)...
2026-05-07 19:58:10,903  INFO      =================================================================
2026-05-07 19:58:10,903  INFO      Session start: 2026-05-07 19:58:10
2026-05-07 19:58:10,903  INFO      Progress — added: 0  |  pending: 55  |  not_found: 0  |  failed: 0  |  silent_block: 0
2026-05-07 19:58:10,903  INFO      This session: 1 max, 3.0–10.0 min delays
2026-05-07 19:58:10,903  INFO      Queue (1): @HighCoinviction
2026-05-07 19:58:10,903  INFO      Start jitter: waiting 86s before first action...
2026-05-07 19:59:37,697  INFO      
Launching Chrome with xbot-profile (X session already saved)...
2026-05-07 19:59:38,782  INFO      
--- [1/1] @HighCoinviction ---
2026-05-07 19:59:38,783  INFO        Loading list page...
2026-05-07 19:59:53,076  INFO        ~ pause 42s (before Edit list)
2026-05-07 20:00:35,704  INFO        ~ pause 44s (before Manage members)
2026-05-07 20:01:20,039  INFO        ~ pause 48s (before Suggested tab)
2026-05-07 20:02:08,413  INFO        ~ pause 33s (before typing handle)
2026-05-07 20:02:43,492  INFO        Waiting for search results...
2026-05-07 20:02:43,493  INFO        ~ pause 32s (after typing — waiting for results)
2026-05-07 20:03:15,518  INFO        ? NOT FOUND — handle may be private or renamed
2026-05-07 20:03:16,314  INFO      
=================================================================
2026-05-07 20:03:16,314  INFO      Session complete
2026-05-07 20:03:16,314  INFO        Added total:    0
2026-05-07 20:03:16,314  INFO        Not found:      1
2026-05-07 20:03:16,315  INFO        Failed/errors:  0
2026-05-07 20:03:16,315  INFO        Silent blocks:  0
2026-05-07 20:03:16,315  INFO        Still pending:  54
2026-05-07 20:03:16,315  INFO        Next up:        @S4mmyEth
2026-05-07 20:06:57,228  INFO      =================================================================
2026-05-07 20:06:57,229  INFO      Session start: 2026-05-07 20:06:57
2026-05-07 20:06:57,229  INFO      Progress — added: 1  |  pending: 54  |  not_found: 0  |  failed: 0  |  silent_block: 0
2026-05-07 20:06:57,229  INFO      This session: 1 max, 3.0–10.0 min delays
2026-05-07 20:06:57,229  INFO      Queue (1): @S4mmyEth
2026-05-07 20:06:57,229  INFO      Start jitter: waiting 49s before first action...
2026-05-07 20:07:47,117  INFO      
Launching Chrome with xbot-profile (X session already saved)...
2026-05-07 20:07:48,357  INFO      
--- [1/1] @S4mmyEth ---
2026-05-07 20:07:48,358  INFO        Loading list page...
2026-05-07 20:08:02,466  INFO        ~ pause 4s (before Edit list)
2026-05-07 20:08:07,127  INFO        ~ pause 3s (before Manage members)
2026-05-07 20:08:10,446  INFO        ~ pause 2s (before Suggested tab)
2026-05-07 20:08:12,758  INFO        ~ pause 3s (before typing handle)
2026-05-07 20:08:17,157  INFO        Waiting for search results...
2026-05-07 20:08:17,158  INFO        ~ pause 3s (after typing — waiting for results)
2026-05-07 20:08:20,182  INFO        ? NOT FOUND — handle may be private or renamed
2026-05-07 20:08:20,916  INFO      
=================================================================
2026-05-07 20:08:20,916  INFO      Session complete
2026-05-07 20:08:20,916  INFO        Added total:    1
2026-05-07 20:08:20,916  INFO        Not found:      1
2026-05-07 20:08:20,916  INFO        Failed/errors:  0
2026-05-07 20:08:20,917  INFO        Silent blocks:  0
2026-05-07 20:08:20,917  INFO        Still pending:  53
2026-05-07 20:08:20,917  INFO        Next up:        @cryptopunk7213
2026-05-07 20:09:42,987  INFO      =================================================================
2026-05-07 20:09:42,988  INFO      Session start: 2026-05-07 20:09:42
2026-05-07 20:09:42,988  INFO      Progress — added: 1  |  pending: 53  |  not_found: 1  |  failed: 0  |  silent_block: 0
2026-05-07 20:09:42,988  INFO      This session: 1 max, 3.0–10.0 min delays
2026-05-07 20:09:42,988  INFO      Queue (1): @cryptopunk7213
2026-05-07 20:09:42,988  INFO      Start jitter: waiting 56s before first action...
2026-05-07 20:10:39,793  INFO      
Launching Chrome with xbot-profile (X session already saved)...
2026-05-07 20:10:41,017  INFO      
--- [1/1] @cryptopunk7213 ---
2026-05-07 20:10:41,017  INFO        Loading list page...
2026-05-07 20:10:55,230  INFO        ~ pause 2s (before Edit list)
2026-05-07 20:10:57,932  INFO        ~ pause 4s (before Manage members)
2026-05-07 20:11:02,354  INFO        ~ pause 2s (before Suggested tab)
2026-05-07 20:11:04,731  INFO        ~ pause 3s (before typing handle)
2026-05-07 20:11:09,792  INFO        Waiting for search results...
2026-05-07 20:11:09,793  INFO        ~ pause 4s (after typing — waiting for results)
2026-05-07 20:11:13,818  INFO        ~ pause 4s (before Add)
2026-05-07 20:11:20,492  WARNING     ! SILENT BLOCK — Add clicked but no confirmation; retry manually
2026-05-07 20:11:21,217  INFO      
=================================================================
2026-05-07 20:11:21,217  INFO      Session complete
2026-05-07 20:11:21,217  INFO        Added total:    1
2026-05-07 20:11:21,217  INFO        Not found:      1
2026-05-07 20:11:21,217  INFO        Failed/errors:  0
2026-05-07 20:11:21,217  INFO        Silent blocks:  1
2026-05-07 20:11:21,217  INFO        Still pending:  52
2026-05-07 20:11:21,217  INFO        Next up:        @shawmakesmagic
2026-05-07 20:15:44,822  INFO      =================================================================
2026-05-07 20:15:44,822  INFO      Session start: 2026-05-07 20:15:44
2026-05-07 20:15:44,822  INFO      Progress — added: 1  |  pending: 53  |  not_found: 1  |  failed: 0  |  silent_block: 0
2026-05-07 20:15:44,824  INFO      This session: 1 max, 3.0–10.0 min delays
2026-05-07 20:15:44,824  INFO      Queue (1): @cryptopunk7213
2026-05-07 20:15:44,824  INFO      Start jitter: waiting 55s before first action...
2026-05-07 20:16:40,625  INFO      
Launching Chrome with xbot-profile (X session already saved)...
2026-05-07 20:16:41,796  INFO      
--- [1/1] @cryptopunk7213 ---
2026-05-07 20:16:41,796  INFO        Loading list page...
2026-05-07 20:16:56,109  INFO        ~ pause 3s (before Edit list)
2026-05-07 20:16:59,779  INFO        ~ pause 4s (before Manage members)
2026-05-07 20:17:04,146  INFO        ~ pause 2s (before Suggested tab)
2026-05-07 20:17:06,452  INFO        ~ pause 4s (before typing handle)
2026-05-07 20:17:12,429  INFO        Waiting for search results...
2026-05-07 20:17:12,430  INFO        ~ pause 4s (after typing — waiting for results)
2026-05-07 20:17:16,441  INFO        Found @cryptopunk7213 in results
2026-05-07 20:17:16,462  INFO        ~ pause 2s (before Add)
2026-05-07 20:17:21,618  WARNING     ! SILENT BLOCK — Add clicked but no confirmation; retry manually
2026-05-07 20:17:21,621  INFO      
Session done — browser will close in 15 seconds so you can review.
2026-05-07 20:17:37,309  INFO      
=================================================================
2026-05-07 20:17:37,309  INFO      Session complete
2026-05-07 20:17:37,309  INFO        Added total:    1
2026-05-07 20:17:37,309  INFO        Not found:      1
2026-05-07 20:17:37,309  INFO        Failed/errors:  0
2026-05-07 20:17:37,309  INFO        Silent blocks:  1
2026-05-07 20:17:37,309  INFO        Still pending:  52
2026-05-07 20:17:37,309  INFO        Next up:        @shawmakesmagic
2026-05-07 20:19:35,008  INFO      =================================================================
2026-05-07 20:19:35,009  INFO      Session start: 2026-05-07 20:19:35
2026-05-07 20:19:35,009  INFO      Progress — added: 2  |  pending: 52  |  not_found: 1  |  failed: 0  |  silent_block: 0
2026-05-07 20:19:35,009  INFO      This session: 1 max, 3.0–10.0 min delays
2026-05-07 20:19:35,009  INFO      Queue (1): @shawmakesmagic
2026-05-07 20:19:35,009  INFO      Start jitter: waiting 48s before first action...
2026-05-07 20:20:23,844  INFO      
Launching Chrome with xbot-profile (X session already saved)...
2026-05-07 20:20:25,372  INFO      
--- [1/1] @shawmakesmagic ---
2026-05-07 20:20:25,373  INFO        Loading list page...
2026-05-07 20:20:40,051  INFO        ~ pause 3s (before Edit list)
2026-05-07 20:20:43,843  INFO        ~ pause 4s (before Manage members)
2026-05-07 20:20:48,293  INFO        ~ pause 4s (before Suggested tab)
2026-05-07 20:20:52,672  INFO        ~ pause 2s (before typing handle)
2026-05-07 20:20:56,753  INFO        Waiting for search results...
2026-05-07 20:20:56,753  INFO        ~ pause 2s (after typing — waiting for results)
2026-05-07 20:20:58,766  INFO        Found @shawmakesmagic in results
2026-05-07 20:20:58,789  INFO        ~ pause 3s (before Add)
2026-05-07 20:21:02,539  INFO        Add button clicked
2026-05-07 20:21:05,577  WARNING     ! SILENT BLOCK — Add clicked but no confirmation; retry manually
2026-05-07 20:21:05,578  INFO      
Session done — browser will close in 15 seconds so you can review.
2026-05-07 20:21:21,328  INFO      
=================================================================
2026-05-07 20:21:21,328  INFO      Session complete
2026-05-07 20:21:21,328  INFO        Added total:    3
2026-05-07 20:21:21,328  INFO        Not found:      0
2026-05-07 20:21:21,328  INFO        Failed/errors:  0
2026-05-07 20:21:21,328  INFO        Silent blocks:  0
2026-05-07 20:21:21,328  INFO        Still pending:  52
2026-05-07 20:21:21,328  INFO        Next up:        @S4mmyEth
2026-05-07 20:21:34,815  INFO      =================================================================
2026-05-07 20:21:34,816  INFO      Session start: 2026-05-07 20:21:34
2026-05-07 20:21:34,816  INFO      Progress — added: 3  |  pending: 52  |  not_found: 0  |  failed: 0  |  silent_block: 0
2026-05-07 20:21:34,816  INFO      This session: 1 max, 3.0–10.0 min delays
2026-05-07 20:21:34,816  INFO      Queue (1): @S4mmyEth
2026-05-07 20:21:34,816  INFO      Start jitter: waiting 67s before first action...
2026-05-07 20:22:42,568  INFO      
Launching Chrome with xbot-profile (X session already saved)...
2026-05-07 20:22:43,630  INFO      
--- [1/1] @S4mmyEth ---
2026-05-07 20:22:43,630  INFO        Loading list page...
2026-05-07 20:22:57,327  INFO        ~ pause 3s (before Edit list)
2026-05-07 20:23:01,095  INFO        ~ pause 4s (before Manage members)
2026-05-07 20:23:05,411  INFO        ~ pause 4s (before Suggested tab)
2026-05-07 20:23:09,667  INFO        ~ pause 2s (before typing handle)
2026-05-07 20:23:13,080  INFO        Waiting for search results...
2026-05-07 20:23:13,080  INFO        ~ pause 3s (after typing — waiting for results)
2026-05-07 20:23:16,092  INFO        Found @S4mmyEth in results
2026-05-07 20:23:16,147  INFO        ~ pause 3s (before Add)
2026-05-07 20:23:19,279  INFO        Add button clicked
2026-05-07 20:23:22,313  WARNING     ! SILENT BLOCK — Add clicked but no confirmation; retry manually
2026-05-07 20:23:22,315  INFO      
Session done — browser will close in 15 seconds so you can review.
2026-05-07 20:23:37,962  INFO      
=================================================================
2026-05-07 20:23:37,962  INFO      Session complete
2026-05-07 20:23:37,962  INFO        Added total:    3
2026-05-07 20:23:37,962  INFO        Not found:      0
2026-05-07 20:23:37,962  INFO        Failed/errors:  0
2026-05-07 20:23:37,962  INFO        Silent blocks:  1
2026-05-07 20:23:37,962  INFO        Still pending:  51
2026-05-07 20:23:37,962  INFO        Next up:        @aixbt_agent
