
━━━━━━━━━━━━━━━━━━━━━━━━━━━━━━━━━━━━━━━━━━━━━━━━━━━━━━━━━━━━
Batch: 20 images (2 TROLL regen + 8 missing)
━━━━━━━━━━━━━━━━━━━━━━━━━━━━━━━━━━━━━━━━━━━━━━━━━━━━━━━━━━━━

Launching Chrome (once)...
Navigating to a fresh chat...
Chat ready. Starting batch...

────────────────────────────────────────────────────────────
[1/20] sb01vlt0 — stablecoin-yield-vault-slam
  [SKIP] x-tweets-sb01vlt0-stablecoin-yield-vault-slam.png already exists
  ✓ tweet updated: The banking lobby is fighting to gut stablecoin yield o
────────────────────────────────────────────────────────────
[2/20] cl02oddw — clarity-odds-wheel
  [SKIP] x-tweets-cl02oddw-clarity-odds-wheel.png already exists
  ✓ tweet updated: Traders are giving the Clarity Act 70-75% odds of passi
────────────────────────────────────────────────────────────
[3/20] sd03mand — self-driving-mandatory
  [SKIP] x-tweets-sd03mand-self-driving-mandatory.png already exists
  ✓ tweet updated: One day soon, self-driving will be mandatory.
────────────────────────────────────────────────────────────
[4/20] pn04mtn0 — pnut-32x-mountain
  [SKIP] x-tweets-pn04mtn0-pnut-32x-mountain.png already exists
  ✓ tweet updated: $PNUT topped near $1.7B mcap in November 2024. Today it
────────────────────────────────────────────────────────────
[5/20] rm05surf — meme-devs-surf-rally
  [SKIP] x-tweets-rm05surf-meme-devs-surf-rally.png already exists
  ✓ tweet updated: Real meme devs time their launches for rallies, not bea
────────────────────────────────────────────────────────────
[6/20] bt06blon — btc-perp-balloon-candle
  [SKIP] x-tweets-bt06blon-btc-perp-balloon-candle.png already exists
  ✓ tweet updated: April's BTC rally was perp futures, not spot. Spot dema
────────────────────────────────────────────────────────────
[7/20] fx07lost — fedex-courier-wrong-house
  [SKIP] x-tweets-fx07lost-fedex-courier-wrong-house.png already exists
  ✓ tweet updated: A FedEx driver delivered my frozen meat to the wrong ho
────────────────────────────────────────────────────────────
[8/20] mc08gem0 — microcap-hidden-gem
  [SKIP] x-tweets-mc08gem0-microcap-hidden-gem.png already exists
  ✓ tweet updated: There's a KRC20 meme at $5.1K mcap that my community ha
────────────────────────────────────────────────────────────
[9/20] rg09trap — eight-rugs-trapdoors

  → X 1:1 — eight-rugs-trapdoors
     Target: x-tweets-rg09trap-eight-rugs-trapdoors.png
     Prompt sent — waiting for image...
     Saved: 1866 KB
     Waiting 26.9s before next prompt...
  ✓ tweet updated: Following the same caller through 8 rugs isn't loyalty;
────────────────────────────────────────────────────────────
[10/20] ai10rise — ai-ideas-rising-build

  → X 1:1 — ai-ideas-rising-build
     Target: x-tweets-ai10rise-ai-ideas-rising-build.png
     Prompt sent — waiting for image...
     Saved: 2007 KB
     Waiting 22.5s before next prompt...
  ✓ tweet updated: The Wall Street consensus is that AI displaces jobs.
────────────────────────────────────────────────────────────
[11/20] fx11robo — delivery-robot-perfect

  → X 1:1 — delivery-robot-perfect
     Target: x-tweets-fx11robo-delivery-robot-perfect.png
     Prompt sent — waiting for image...
     Saved: 1817 KB
     Waiting 22.5s before next prompt...
  ✓ tweet updated: A FedEx driver delivered my meat to the wrong house. A 
────────────────────────────────────────────────────────────
[12/20] dr12musm — steering-wheel-museum

  → X 1:1 — steering-wheel-museum
     Target: x-tweets-dr12musm-steering-wheel-museum.png
     Prompt sent — waiting for image...
     Saved: 1826 KB
     Waiting 24.0s before next prompt...
  ✓ tweet updated: One day human driving will be illegal. Self-driving is 
────────────────────────────────────────────────────────────
[13/20] cl13brk0 — coin-breaks-ath-ceiling

  → X 1:1 — coin-breaks-ath-ceiling
     Target: x-tweets-cl13brk0-coin-breaks-ath-ceiling.png
     Prompt sent — waiting for image...
     Saved: 2188 KB
     Waiting 21.1s before next prompt...
  ✓ tweet updated: Traders are giving the Clarity Act 70-75% odds. New all
────────────────────────────────────────────────────────────
[14/20] en14mgr0 — manager-only-ai-reports

  → X 1:1 — manager-only-ai-reports
     Target: x-tweets-en14mgr0-manager-only-ai-reports.png
     Prompt sent — waiting for image...
     Saved: 1957 KB
     Waiting 20.3s before next prompt...
  ✓ tweet updated: Engineering teams of 10 are going to become teams of 2.
────────────────────────────────────────────────────────────
[15/20] pp15ldrb — pengu-leaps-pepe-leaderboard

  → X 1:1 — pengu-leaps-pepe-leaderboard
     Target: x-tweets-pp15ldrb-pengu-leaps-pepe-leaderboard.png
     Prompt sent — waiting for image...
