
━━━━━━━━━━━━━━━━━━━━━━━━━━━━━━━━━━━━━━━━━━━━━━━━━━━━━━━━━━━━
Batch: 10 images (2 TROLL regen + 8 missing)
━━━━━━━━━━━━━━━━━━━━━━━━━━━━━━━━━━━━━━━━━━━━━━━━━━━━━━━━━━━━

Launching Chrome (once)...
Navigating to a fresh chat...
Chat ready. Starting batch...

────────────────────────────────────────────────────────────
[1/10] a1c0pnut — pnut-32x-bear-math

  → X 1:1 — pnut-32x-bear-math
     Target: x-tweets-a1c0pnut-pnut-32x-bear-math.png
     Prompt sent — waiting for image...
     Saved: 1977 KB
     Waiting 23.7s before next prompt...
  ✓ tweet updated: $PNUT to reclaim its 2024 ATH from here is a 32x. Bear-

  → IG 4:5 — pnut-32x-bear-math
     Target: ig-single-a1c0pnut-pnut-32x-bear-math.png
     Prompt sent — waiting for image...
     Saved: 1828 KB
     Waiting 27.0s before next prompt...
  ✓ IG updated: ig-2026-05-21-b3-pnut-32x-bear-math-1l
────────────────────────────────────────────────────────────
[2/10] b2c1hntr — hunter-virus-narrative-dead

  → X 1:1 — hunter-virus-narrative-dead
     Target: x-tweets-b2c1hntr-hunter-virus-narrative-dead.png
     Prompt sent — waiting for image...
     Saved: 2016 KB
     Waiting 26.6s before next prompt...
  ✓ tweet updated: Hunter Virus was everywhere a month ago. Today: zero se

  → IG 4:5 — hunter-virus-narrative-dead
     Target: ig-single-b2c1hntr-hunter-virus-narrative-dead.png
     Prompt sent — waiting for image...
     Saved: 1960 KB
     Waiting 22.0s before next prompt...
  ✓ IG updated: ig-2026-05-21-c1-hunter-virus-narrative-dead-1l
────────────────────────────────────────────────────────────
[3/10] c3d2yild — stablecoin-yield-whole-point

  → X 1:1 — stablecoin-yield-whole-point
     Target: x-tweets-c3d2yild-stablecoin-yield-whole-point.png
     Prompt sent — waiting for image...
     Saved: 1932 KB
     Waiting 30.9s before next prompt...
  ✓ tweet updated: The banking lobby is fighting to gut stablecoin yield o
────────────────────────────────────────────────────────────
[4/10] d4e3rugs — same-caller-8-rugs

  → X 1:1 — same-caller-8-rugs
     Target: x-tweets-d4e3rugs-same-caller-8-rugs.png
     Prompt sent — waiting for image...
     Saved: 1983 KB
     Waiting 28.3s before next prompt...
  ✓ tweet updated: Some people in this space are following the same caller

  → IG 4:5 — same-caller-8-rugs
     Target: ig-single-d4e3rugs-same-caller-8-rugs.png
     Prompt sent — waiting for image...
     Saved: 1930 KB
     Waiting 27.2s before next prompt...
  ✓ IG updated: ig-2026-05-21-c5-rugger-influencer-loyalty-1l
────────────────────────────────────────────────────────────
[5/10] e5f4tons — ton-strategy-treasury

  → X 1:1 — ton-strategy-treasury
     Target: x-tweets-e5f4tons-ton-strategy-treasury.png
     Prompt sent — waiting for image...
     Saved: 2092 KB
     Waiting 23.6s before next prompt...
  ✓ tweet updated: The "institutions are coming" crowd has been wrong for 

  → IG 4:5 — ton-strategy-treasury
     Target: ig-single-e5f4tons-ton-strategy-treasury.png
     Prompt sent — waiting for image...
     Saved: 2082 KB
     Waiting 28.4s before next prompt...
  ✓ IG updated: ig-2026-05-21-b1-ton-strategy-treasury-1l
────────────────────────────────────────────────────────────
[6/10] f6a5idea — cemetery-of-ideas-ai

  → X 1:1 — cemetery-of-ideas-ai
     Target: x-tweets-f6a5idea-cemetery-of-ideas-ai.png
     Prompt sent — waiting for image...
     Saved: 2261 KB
     Waiting 22.5s before next prompt...
  ✓ tweet updated: Most of humanity's best ideas are sitting in a cemetery

  → IG 4:5 — cemetery-of-ideas-ai
     Target: ig-single-f6a5idea-cemetery-of-ideas-ai.png
     Prompt sent — waiting for image...
     Saved: 2178 KB
     Waiting 23.2s before next prompt...
  ✓ IG updated: ig-2026-05-21-e1-cemetery-of-best-ideas-1l
────────────────────────────────────────────────────────────
[7/10] a7b6peng — pengu-timed-launch

  → X 1:1 — pengu-timed-launch
     Target: x-tweets-a7b6peng-pengu-timed-launch.png
     Prompt sent — waiting for image...
     Saved: 2321 KB
     Waiting 26.5s before next prompt...
  ✓ tweet updated: $PENGU didn't launch into a bear market.
────────────────────────────────────────────────────────────
[8/10] b8c7engr — engineering-teams-10-to-2

  → X 1:1 — engineering-teams-10-to-2
     Target: x-tweets-b8c7engr-engineering-teams-10-to-2.png
     Prompt sent — waiting for image...
     Saved: 1973 KB
     Waiting 24.9s before next prompt...
  ✓ tweet updated: Engineering teams of 10 are going to become teams of 2.
────────────────────────────────────────────────────────────
[9/10] c9d8zomb — cycle-zombies-perp-rally

  → X 1:1 — cycle-zombies-perp-rally
     Target: x-tweets-c9d8zomb-cycle-zombies-perp-rally.png
     Prompt sent — waiting for image...
     Saved: 2100 KB
     Waiting 21.8s before next prompt...
  ✓ tweet updated: The four-year cycle zombies will tell you the April ral

  → IG 4:5 — cycle-zombies-perp-rally
     Target: ig-single-c9d8zomb-cycle-zombies-perp-rally.png
     Prompt sent — waiting for image...
     Saved: 2126 KB
     Waiting 22.2s before next prompt...
  ✓ IG updated: ig-2026-05-21-a2-btc-spot-deep-contraction-1l
────────────────────────────────────────────────────────────
[10/10] d0e9pepe — pengu-flips-pepe-brand

  → X 1:1 — pengu-flips-pepe-brand
     Target: x-tweets-d0e9pepe-pengu-flips-pepe-brand.png
     Prompt sent — waiting for image...
     Saved: 2856 KB
     Waiting 21.8s before next prompt...
  ✓ tweet updated: $PEPE has no brand, no IP, no revenue. $PENGU has Pudgy

  → IG 4:5 — pengu-flips-pepe-brand
     Target: ig-single-d0e9pepe-pengu-flips-pepe-brand.png
     Prompt sent — waiting for image...
     Saved: 2487 KB
     Waiting 29.4s before next prompt...
  ✓ IG updated: ig-2026-05-21-b2-pengu-flips-pepe-1l

━━━━━━━━━━━━━━━━━━━━━━━━━━━━━━━━━━━━━━━━━━━━━━━━━━━━━━━━━━━━
Done. ✓ 17 saved  ✗ 0 failed
━━━━━━━━━━━━━━━━━━━━━━━━━━━━━━━━━━━━━━━━━━━━━━━━━━━━━━━━━━━━

