
━━━━━━━━━━━━━━━━━━━━━━━━━━━━━━━━━━━━━━━━━━━━━━━━━━━━━━━━━━━━
Batch: 20 images (2 TROLL regen + 8 missing)
━━━━━━━━━━━━━━━━━━━━━━━━━━━━━━━━━━━━━━━━━━━━━━━━━━━━━━━━━━━━

Launching Chrome (once)...
Navigating to a fresh chat...
Chat ready. Starting batch...

────────────────────────────────────────────────────────────
[1/20] sb01vlt0 — stablecoin-yield-vault-slam

  → X 1:1 — stablecoin-yield-vault-slam
     Target: x-tweets-sb01vlt0-stablecoin-yield-vault-slam.png
     Prompt sent — waiting for image...
     Saved: 2742 KB
     Waiting 20.1s before next prompt...
  ✓ tweet updated: The banking lobby is fighting to gut stablecoin yield o
────────────────────────────────────────────────────────────
[2/20] cl02oddw — clarity-odds-wheel

  → X 1:1 — clarity-odds-wheel
     Target: x-tweets-cl02oddw-clarity-odds-wheel.png
     Prompt sent — waiting for image...
     Saved: 2571 KB
     Waiting 30.3s before next prompt...
  ✓ tweet updated: Traders are giving the Clarity Act 70-75% odds of passi
────────────────────────────────────────────────────────────
[3/20] sd03mand — self-driving-mandatory

  → X 1:1 — self-driving-mandatory
     Target: x-tweets-sd03mand-self-driving-mandatory.png
     Prompt sent — waiting for image...
     Saved: 2265 KB
     Waiting 26.6s before next prompt...
  ✓ tweet updated: One day soon, self-driving will be mandatory.
────────────────────────────────────────────────────────────
[4/20] pn04mtn0 — pnut-32x-mountain

  → X 1:1 — pnut-32x-mountain
     Target: x-tweets-pn04mtn0-pnut-32x-mountain.png
     Prompt sent — waiting for image...
     Saved: 2070 KB
     Waiting 27.4s before next prompt...
  ✓ tweet updated: $PNUT topped near $1.7B mcap in November 2024. Today it
────────────────────────────────────────────────────────────
[5/20] rm05surf — meme-devs-surf-rally

  → X 1:1 — meme-devs-surf-rally
     Target: x-tweets-rm05surf-meme-devs-surf-rally.png
     Prompt sent — waiting for image...
     Saved: 2701 KB
     Waiting 20.2s before next prompt...
  ✓ tweet updated: Real meme devs time their launches for rallies, not bea
────────────────────────────────────────────────────────────
[6/20] bt06blon — btc-perp-balloon-candle

  → X 1:1 — btc-perp-balloon-candle
     Target: x-tweets-bt06blon-btc-perp-balloon-candle.png
     Prompt sent — waiting for image...
     Saved: 2566 KB
     Waiting 21.8s before next prompt...
  ✓ tweet updated: April's BTC rally was perp futures, not spot. Spot dema
────────────────────────────────────────────────────────────
[7/20] fx07lost — fedex-courier-wrong-house

  → X 1:1 — fedex-courier-wrong-house
     Target: x-tweets-fx07lost-fedex-courier-wrong-house.png
     Prompt sent — waiting for image...
     Saved: 2079 KB
     Waiting 26.2s before next prompt...
  ✓ tweet updated: A FedEx driver delivered my frozen meat to the wrong ho
────────────────────────────────────────────────────────────
[8/20] mc08gem0 — microcap-hidden-gem

  → X 1:1 — microcap-hidden-gem
     Target: x-tweets-mc08gem0-microcap-hidden-gem.png
     Prompt sent — waiting for image...
     Saved: 1870 KB
     Waiting 29.4s before next prompt...
  ✓ tweet updated: There's a KRC20 meme at $5.1K mcap that my community ha
────────────────────────────────────────────────────────────
[9/20] rg09trap — eight-rugs-trapdoors

  → X 1:1 — eight-rugs-trapdoors
     Target: x-tweets-rg09trap-eight-rugs-trapdoors.png
     Prompt sent — waiting for image...
