=======================================================
Posting 5 replies
Keystroke delay: 60–150ms/char
Delay between posts: 2–6 min
=======================================================

[1/5] -> @DailyKaspa
  this is the chart that matters. 0.36 NUPL means we are nowhere near euphoria... the froth that marks tops just isn't her

[2/5] -> @bittingthembits
  this is exactly why i hold $TAO. everyone fixates on the models, the real moat is owning every layer of the stack throug

[3/5] -> @saylor
  the credit market angle is the part most people are sleeping on. once bitcoin-backed paper gets a real yield curve, the 

[4/5] -> @CryptoKaleo
  i'm with you on the retest. this whole leg down is the iran overhang getting priced in... if a deal actually lands it sn

[5/5] -> @milesdeutscher
  the sizing point is the real lesson here. everyone screenshots the winners, nobody talks about the rules that keep you i

Starting in 26s...

--- [1/5] @DailyKaspa ---
  Loading tweet...
  ~ 4s pause (before Reply)
  ~ 4s pause (before typing)
  Typing 203 chars at 60-150ms/char...
  ~ 4s pause (before Post)
  Clicked Post button via JS (tweetButton)
  Verifying reply on tweet page...
  CONFIRMED: reply visible on tweet page
  POSTED

  Next reply at ~12:23:30 (5m 31s)

--- [2/5] @bittingthembits ---
  Loading tweet...
  ~ 6s pause (before Reply)
  ~ 4s pause (before typing)
  Typing 198 chars at 60-150ms/char...
  ~ 6s pause (before Post)
  Clicked Post button via JS (tweetButtonInline)
  Verifying reply on tweet page...
  Reply NOT found on tweet page
  FAILED — left in queue for manual retry

  Next reply at ~12:29:43 (5m 2s)

--- [3/5] @saylor ---
  Loading tweet...
  ~ 5s pause (before Reply)
  ~ 5s pause (before typing)
  Typing 227 chars at 60-150ms/char...
  ~ 7s pause (before Post)
  Clicked Post button via JS (tweetButton)
  Verifying reply on tweet page...
  CONFIRMED: reply visible on tweet page
  POSTED

  Next reply at ~12:33:57 (2m 55s)

--- [4/5] @CryptoKaleo ---
  Loading tweet...
  ~ 7s pause (before Reply)
  ~ 4s pause (before typing)
  Typing 188 chars at 60-150ms/char...
  ~ 5s pause (before Post)
  Clicked Post button via JS (tweetButtonInline)
  Verifying reply on tweet page...
  CONFIRMED: reply visible on tweet page
  POSTED

  Next reply at ~12:37:10 (2m 1s)

--- [5/5] @milesdeutscher ---
  Loading tweet...
  ~ 4s pause (before Reply)
  ~ 6s pause (before typing)
  Typing 197 chars at 60-150ms/char...
  ~ 6s pause (before Post)
  Clicked Post button via JS (tweetButton)
  Verifying reply on tweet page...
  CONFIRMED: reply visible on tweet page
  POSTED

Browser closing in 30 seconds so you can verify...

Done. 4 posted, 1 failed (archived, NOT requeued — see posted_replies.json).
