=======================================================
Posting 5 replies
Keystroke delay: 60–150ms/char
Delay between posts: 2–6 min
=======================================================

[1/5] -> @nic_carter
  personally i think this is the crux. people are defending a status hierarchy, not making an argument. the 'it's just aut

[2/5] -> @BitcoinPierre
  nothing stops this train is right. $39T and the only exit left is to inflate it away. this is the entire bull case for h

[3/5] -> @DreadBong0
  good shoutout. the beginner gap on $TAO is real, most people bounce off the subnet complexity and miss that it's just op

[4/5] -> @inversebrah
  the bot follower wave is out of control rn. lock it up, the wassies will still find you 😎

[5/5] -> @s0meone_u_know
  gm 🫡

Starting in 35s...

--- [1/5] @nic_carter ---
  Loading tweet...
  ~ 7s pause (before Reply)
  ~ 5s pause (before typing)
  Typing 196 chars at 60-150ms/char...
  ~ 6s pause (before Post)
  Clicked Post button via JS (tweetButtonInline)
  Verifying reply on tweet page...
  CONFIRMED: reply visible on tweet page
  POSTED

  Next reply at ~14:10:48 (5m 19s)

--- [2/5] @BitcoinPierre ---
  Loading tweet...
  ~ 5s pause (before Reply)
  ~ 4s pause (before typing)
  Typing 190 chars at 60-150ms/char...
  ~ 7s pause (before Post)
  Clicked Post button via JS (tweetButton)
  Verifying reply on tweet page...
  CONFIRMED: reply visible on tweet page
  POSTED

  Next reply at ~14:17:54 (5m 56s)

--- [3/5] @DreadBong0 ---
  Loading tweet...
  ~ 7s pause (before Reply)
  ~ 7s pause (before typing)
  Typing 174 chars at 60-150ms/char...
  ~ 4s pause (before Post)
  Clicked Post button via JS (tweetButtonInline)
  Verifying reply on tweet page...
  Reply NOT found on tweet page
  FAILED — left in queue for manual retry

  Next reply at ~14:23:49 (4m 47s)

--- [4/5] @inversebrah ---
  Loading tweet...
  ~ 4s pause (before Reply)
  ~ 5s pause (before typing)
  Typing 89 chars at 60-150ms/char...
  ~ 6s pause (before Post)
  Clicked Post button via JS (tweetButton)
  Verifying reply on tweet page...
  CONFIRMED: reply visible on tweet page
  POSTED

  Next reply at ~14:26:46 (2m 8s)

--- [5/5] @s0meone_u_know ---
  Loading tweet...
  ~ 6s pause (before Reply)
  ~ 5s pause (before typing)
  Typing 4 chars at 60-150ms/char...
  ~ 6s pause (before Post)
  Clicked Post button via JS (tweetButtonInline)
  Verifying reply on tweet page...
  Reply NOT found on tweet page
  FAILED — left in queue for manual retry

Browser closing in 30 seconds so you can verify...

Done. 3 posted, 2 failed (archived, NOT requeued — see posted_replies.json).
