=======================================================
Posting 17 replies
Keystroke delay: 60–150ms/char
Delay between posts: 2–6 min
=======================================================

[1/17] -> @BRICSinfo
  this is the headline that takes the lid off risk. the market's been pricing in an iran blowup for weeks... a uranium con

[2/17] -> @MerlijnTrader
  this is the setup nobody's positioned for. cutting into a boom with AI holding inflation down is the 1995 playbook... an

[3/17] -> @elonmusk
  this is the 1992 moment people are sleeping on. neuralink, robotics, AI, crypto... five exponential curves hitting at th

[4/17] -> @BullTheoryio
  circular revenue is a real risk, but 'fake' is too strong. some of that $2T backlog evaporates, sure... the productivity

[5/17] -> @durov
  this is the whole case for telegram and $TON honestly. when the 'private' messenger is quietly selling your messages, th

[6/17] -> @Kalshi_Crypto
  $7.8B underwater is what conviction looks like on paper mid-correction. either he's early or he's wrong... but sizing th

[7/17] -> @okx
  the new money era is just sound money winning slowly, then all at once. fiat gets taught in history books in 50 years an

[8/17] -> @zackdfilms1
  this is exactly why verifiable scarcity matters. you can fake a gold bar... you can't fake a bitcoin. the whole point of

[9/17] -> @Polymarket
  95% accuracy on pet speech but my code review still misses a null check 😂 the AI buildout is so lopsided and so early. w

[10/17] -> @DotComParker
  scarcity plus nostalgia is the most powerful combo in any market. same reason fair-launched coins with no premine hit di

[11/17] -> @WatcherGuru
  delays, not denials. tokenized everything is coming whether the sec drags its feet or not... the rails are getting built

[12/17] -> @BitcoinMagazine
  the 'closed faster than traditional' part is the actual headline. once people feel how fast bitcoin settles vs the legac

[13/17] -> @SenLummis
  we need the clarity act before the midterms, full stop. the piece i'm watching is whether stablecoin yield survives the 

[14/17] -> @zerohedge
  this is the unlock. the market's been pricing in an iran blowup for weeks... narrowing differences means the overhang li

[15/17] -> @great_martis
  short term ugly, no argument. but the long game take is unchanged for me... eth still flips btc this cycle, and that's t

[16/17] -> @SpaceX
  every starship launch is a reminder we're at the 1992 moment of like five different exponential curves at once. wild tim

[17/17] -> @Zebec_HQ
  10 chains plus cards, payroll and staking in one app is the kind of real-utility play that actually survives a bear mark

Starting in 36s...

--- [1/17] @BRICSinfo ---
  Loading tweet...
  ~ 7s pause (before Reply)
  ~ 7s pause (before typing)
  Typing 210 chars at 60-150ms/char...
  ~ 6s pause (before Post)
  Clicked Post button via JS (tweetButton)
  Verifying reply on tweet page...
  CONFIRMED: reply visible on tweet page
  POSTED

  Next reply at ~15:44:43 (2m 7s)

--- [2/17] @MerlijnTrader ---
  Loading tweet...
  ~ 4s pause (before Reply)
  ~ 5s pause (before typing)
  Typing 207 chars at 60-150ms/char...
  ~ 4s pause (before Post)
  Clicked Post button via JS (tweetButtonInline)
  Verifying reply on tweet page...
  CONFIRMED: reply visible on tweet page
  POSTED

  Next reply at ~15:50:58 (5m 5s)

--- [3/17] @elonmusk ---
  Loading tweet...
  ~ 4s pause (before Reply)
  ~ 6s pause (before typing)
  Typing 180 chars at 60-150ms/char...
  ~ 5s pause (before Post)
  Clicked Post button via JS (tweetButtonInline)
  Verifying reply on tweet page...
  CONFIRMED: reply visible on tweet page
  POSTED

  Next reply at ~15:55:29 (3m 24s)

--- [4/17] @BullTheoryio ---
  Loading tweet...
  ~ 7s pause (before Reply)
  ~ 7s pause (before typing)
  Typing 225 chars at 60-150ms/char...
  ~ 6s pause (before Post)
  Clicked Post button via JS (tweetButtonInline)
  Verifying reply on tweet page...
  CONFIRMED: reply visible on tweet page
  POSTED

  Next reply at ~16:01:08 (4m 18s)

--- [5/17] @durov ---
  Loading tweet...
  ~ 4s pause (before Reply)
  ~ 7s pause (before typing)
  Typing 209 chars at 60-150ms/char...
  ~ 4s pause (before Post)
  Clicked Post button via JS (tweetButton)
  Verifying reply on tweet page...
  CONFIRMED: reply visible on tweet page
  POSTED

  Next reply at ~16:06:43 (4m 24s)

--- [6/17] @Kalshi_Crypto ---
  Loading tweet...
  ~ 5s pause (before Reply)
  ~ 6s pause (before typing)
  Typing 177 chars at 60-150ms/char...
  ~ 6s pause (before Post)
  Clicked Post button via JS (tweetButton)
  Verifying reply on tweet page...
  CONFIRMED: reply visible on tweet page
  POSTED

  Next reply at ~16:10:50 (2m 59s)

--- [7/17] @okx ---
  Loading tweet...
  ~ 6s pause (before Reply)
  ~ 4s pause (before typing)
  Typing 149 chars at 60-150ms/char...
  ~ 5s pause (before Post)
  Clicked Post button via JS (tweetButtonInline)
  Verifying reply on tweet page...
  CONFIRMED: reply visible on tweet page
  POSTED

  Next reply at ~16:14:09 (2m 19s)

--- [8/17] @zackdfilms1 ---
  Loading tweet...
  ~ 7s pause (before Reply)
  ~ 6s pause (before typing)
  Typing 163 chars at 60-150ms/char...
  ~ 4s pause (before Post)
  Clicked Post button via JS (tweetButtonInline)
  Verifying reply on tweet page...
  CONFIRMED: reply visible on tweet page
  POSTED

  Next reply at ~16:20:49 (5m 35s)

--- [9/17] @Polymarket ---
  Loading tweet...
  ~ 4s pause (before Reply)
  ~ 5s pause (before typing)
  Typing 149 chars at 60-150ms/char...
  ~ 5s pause (before Post)
  Clicked Post button via JS (tweetButton)
  Verifying reply on tweet page...
  CONFIRMED: reply visible on tweet page
  POSTED

  Next reply at ~16:25:52 (4m 3s)

--- [10/17] @DotComParker ---
  Loading tweet...
  ~ 6s pause (before Reply)
  ~ 4s pause (before typing)
  Typing 181 chars at 60-150ms/char...
  ~ 4s pause (before Post)
  Clicked Post button via JS (tweetButtonInline)
  Verifying reply on tweet page...
  CONFIRMED: reply visible on tweet page
  POSTED

  Next reply at ~16:31:31 (4m 35s)

--- [11/17] @WatcherGuru ---
  Loading tweet...
  ~ 4s pause (before Reply)
  ~ 4s pause (before typing)
  Typing 178 chars at 60-150ms/char...
  ~ 6s pause (before Post)
  Clicked Post button via JS (tweetButton)
  Verifying reply on tweet page...
  CONFIRMED: reply visible on tweet page
  POSTED

  Next reply at ~16:36:14 (3m 37s)

--- [12/17] @BitcoinMagazine ---
  Loading tweet...
  ~ 4s pause (before Reply)
  ~ 4s pause (before typing)
  Typing 181 chars at 60-150ms/char...
  ~ 7s pause (before Post)
  Clicked Post button via JS (tweetButton)
  Verifying reply on tweet page...
  CONFIRMED: reply visible on tweet page
  POSTED

  Next reply at ~16:43:19 (5m 58s)

--- [13/17] @SenLummis ---
  Loading tweet...
  ~ 5s pause (before Reply)
  ~ 5s pause (before typing)
  Typing 204 chars at 60-150ms/char...
  ~ 4s pause (before Post)
  Clicked Post button via JS (tweetButton)
  Verifying reply on tweet page...
  CONFIRMED: reply visible on tweet page
  POSTED

  Next reply at ~16:49:57 (5m 28s)

--- [14/17] @zerohedge ---
  Loading tweet...
  ~ 4s pause (before Reply)
  ~ 7s pause (before typing)
  Typing 209 chars at 60-150ms/char...
  ~ 7s pause (before Post)
  Clicked Post button via JS (tweetButton)
  Verifying reply on tweet page...
  CONFIRMED: reply visible on tweet page
  POSTED

  Next reply at ~16:53:47 (2m 34s)

--- [15/17] @great_martis ---
  Loading tweet...
  ~ 4s pause (before Reply)
  ~ 4s pause (before typing)
  Typing 212 chars at 60-150ms/char...
  ~ 4s pause (before Post)
  Clicked Post button via JS (tweetButton)
  Verifying reply on tweet page...
  CONFIRMED: reply visible on tweet page
  POSTED

  Next reply at ~16:58:38 (3m 41s)

--- [16/17] @SpaceX ---
  Loading tweet...
  ~ 5s pause (before Reply)
  ~ 4s pause (before typing)
  Typing 154 chars at 60-150ms/char...
  ~ 6s pause (before Post)
  Clicked Post button via JS (tweetButton)
  Verifying reply on tweet page...
  CONFIRMED: reply visible on tweet page
  POSTED

  Next reply at ~17:02:21 (2m 42s)

--- [17/17] @Zebec_HQ ---
  Loading tweet...
  ~ 5s pause (before Reply)
  ~ 6s pause (before typing)
  Typing 159 chars at 60-150ms/char...
  ~ 5s pause (before Post)
  Clicked Post button via JS (tweetButtonInline)
  Verifying reply on tweet page...
  CONFIRMED: reply visible on tweet page
  POSTED

Browser closing in 30 seconds so you can verify...

Done. 17 posted, 0 failed (archived, NOT requeued — see posted_replies.json).
